// Jest Snapshot v1, https://goo.gl/fbAQLP

exports[`Pagination render correctly 1`] = `
<div>
  <section>
    <ul
      class="flex justify-center"
    >
      <li />
      <li />
    </ul>
  </section>
</div>
`;
